    Total tests: 219045 / 244000,  89.77 %, Instructions passing: 198 / 244
oops, wrong bit mask for LD r n
    Total tests: 233045 / 244000,  95.51 %, Instructions passing: 212 / 244
subtle annoying half carry flag in ADD HL rr
    Total tests: 235002 / 244000,  96.31 %, Instructions passing: 216 / 244
simple typo: relative conditional jump was using nonconditional microinstruction
    Total tests: 236975 / 244000,  97.12 %, Instructions passing: 220 / 244
similar half carry issue with ADC r, needing to account for whether FLAG_C has effect on result half carry
    Total tests: 237256 / 244000,  97.24 %, Instructions passing: 229 / 244
...and another half carry issue with subtraction with carry
    Total tests: 237496 / 244000,  97.33 %, Instructions passing: 237 / 244
had switched around PUSH rr had switched special AF case vs other registers
                 241493 / 244000,  98.97 %, Instructions passing: 241 / 244
add delay for EI's enabling of interrupts,
    Total tests: 242008 / 244000,  99.18 %, Instructions passing: 242 / 244
SBC n instruction typo: was using addition microcycle instead of subtraction
    Total tests: 243008 / 244000,  99.59 %, Instructions passing: 243 / 244
small typo: load HL SP+e was running two microcycles of lower byte instead of low then high
    Total tests: 244000 / 244000,  100.00 %, Instructions passing: 244 / 244


Now including secondary optable:
    Total tests: 430954 / 500000,  86.19 %, Instructions passing: 427 / 500
Fix right arithmetic shift erasing 7 bits:
    Total tests: 435000 / 500000,  87.00 %, Instructions passing: 435 / 500
test bit was setting wrong H flag, this fixes a lot...everything else
    Total tests: 500000 / 500000,  100.00 %, Instructions passing: 500 / 500

TODO:
- full halt behavior
- full interrupt and STAT low -> high behavior
- timers
